make -C ./libft
make[1]: Entering directory '/home/aelphias/printf2/libft'
gcc -Wall -Wextra -Werror -c ft_isdigit.c -o ft_isdigit.o -I .
gcc -Wall -Wextra -Werror -c ft_isprint.c -o ft_isprint.o -I .
gcc -Wall -Wextra -Werror -c ft_isascii.c -o ft_isascii.o -I .
gcc -Wall -Wextra -Werror -c ft_isalnum.c -o ft_isalnum.o -I .
gcc -Wall -Wextra -Werror -c ft_isalpha.c -o ft_isalpha.o -I .
gcc -Wall -Wextra -Werror -c ft_putchar.c -o ft_putchar.o -I .
gcc -Wall -Wextra -Werror -c ft_strlen.c -o ft_strlen.o -I .
gcc -Wall -Wextra -Werror -c ft_strdup.c -o ft_strdup.o -I .
gcc -Wall -Wextra -Werror -c ft_tolower.c -o ft_tolower.o -I .
gcc -Wall -Wextra -Werror -c ft_toupper.c -o ft_toupper.o -I .
gcc -Wall -Wextra -Werror -c ft_bzero.c -o ft_bzero.o -I .
gcc -Wall -Wextra -Werror -c ft_putchar_fd.c -o ft_putchar_fd.o -I .
gcc -Wall -Wextra -Werror -c ft_memset.c -o ft_memset.o -I .
gcc -Wall -Wextra -Werror -c ft_memcpy.c -o ft_memcpy.o -I .
gcc -Wall -Wextra -Werror -c ft_memccpy.c -o ft_memccpy.o -I .
gcc -Wall -Wextra -Werror -c ft_putstr.c -o ft_putstr.o -I .
gcc -Wall -Wextra -Werror -c ft_putstr_fd.c -o ft_putstr_fd.o -I .
gcc -Wall -Wextra -Werror -c ft_putendl.c -o ft_putendl.o -I .
gcc -Wall -Wextra -Werror -c ft_putendl_fd.c -o ft_putendl_fd.o -I .
gcc -Wall -Wextra -Werror -c ft_putnbr.c -o ft_putnbr.o -I .
gcc -Wall -Wextra -Werror -c ft_putnbr_fd.c -o ft_putnbr_fd.o -I .
gcc -Wall -Wextra -Werror -c ft_memmove.c -o ft_memmove.o -I .
gcc -Wall -Wextra -Werror -c ft_memchr.c -o ft_memchr.o -I .
gcc -Wall -Wextra -Werror -c ft_memcmp.c -o ft_memcmp.o -I .
gcc -Wall -Wextra -Werror -c ft_strcpy.c -o ft_strcpy.o -I .
gcc -Wall -Wextra -Werror -c ft_strncpy.c -o ft_strncpy.o -I .
gcc -Wall -Wextra -Werror -c ft_strcat.c -o ft_strcat.o -I .
gcc -Wall -Wextra -Werror -c ft_strncat.c -o ft_strncat.o -I .
gcc -Wall -Wextra -Werror -c ft_strlcat.c -o ft_strlcat.o -I .
gcc -Wall -Wextra -Werror -c ft_strchr.c -o ft_strchr.o -I .
gcc -Wall -Wextra -Werror -c ft_strrchr.c -o ft_strrchr.o -I .
gcc -Wall -Wextra -Werror -c ft_strstr.c -o ft_strstr.o -I .
gcc -Wall -Wextra -Werror -c ft_strcmp.c -o ft_strcmp.o -I .
gcc -Wall -Wextra -Werror -c ft_strncmp.c -o ft_strncmp.o -I .
gcc -Wall -Wextra -Werror -c ft_memalloc.c -o ft_memalloc.o -I .
gcc -Wall -Wextra -Werror -c ft_memdel.c -o ft_memdel.o -I .
gcc -Wall -Wextra -Werror -c ft_strnew.c -o ft_strnew.o -I .
gcc -Wall -Wextra -Werror -c ft_strdel.c -o ft_strdel.o -I .
gcc -Wall -Wextra -Werror -c ft_strclr.c -o ft_strclr.o -I .
gcc -Wall -Wextra -Werror -c ft_striter.c -o ft_striter.o -I .
gcc -Wall -Wextra -Werror -c ft_striteri.c -o ft_striteri.o -I .
gcc -Wall -Wextra -Werror -c ft_strmap.c -o ft_strmap.o -I .
gcc -Wall -Wextra -Werror -c ft_strmapi.c -o ft_strmapi.o -I .
gcc -Wall -Wextra -Werror -c ft_strequ.c -o ft_strequ.o -I .
gcc -Wall -Wextra -Werror -c ft_strnequ.c -o ft_strnequ.o -I .
gcc -Wall -Wextra -Werror -c ft_strsub.c -o ft_strsub.o -I .
gcc -Wall -Wextra -Werror -c ft_strjoin.c -o ft_strjoin.o -I .
gcc -Wall -Wextra -Werror -c ft_strtrim.c -o ft_strtrim.o -I .
gcc -Wall -Wextra -Werror -c ft_strsplit.c -o ft_strsplit.o -I .
gcc -Wall -Wextra -Werror -c ft_itoa.c -o ft_itoa.o -I .
gcc -Wall -Wextra -Werror -c ft_atoi.c -o ft_atoi.o -I .
gcc -Wall -Wextra -Werror -c ft_strnstr.c -o ft_strnstr.o -I .
gcc -Wall -Wextra -Werror -c get_next_line.c -o get_next_line.o -I .
gcc -Wall -Wextra -Werror -c ft_wd_counter.c -o ft_wd_counter.o -I .
ar rc libft.a ft_isdigit.o ft_isprint.o ft_isascii.o ft_isalnum.o ft_isalpha.o ft_putchar.o ft_strlen.o ft_strdup.o ft_tolower.o ft_toupper.o ft_bzero.o ft_putchar_fd.o ft_memset.o ft_memcpy.o ft_memccpy.o ft_putstr.o ft_putstr_fd.o ft_putendl.o ft_putendl_fd.o ft_putnbr.o ft_putnbr_fd.o ft_memmove.o ft_memchr.o ft_memcmp.o ft_strcpy.o ft_strncpy.o ft_strcat.o ft_strncat.o ft_strlcat.o ft_strchr.o ft_strrchr.o ft_strstr.o ft_strcmp.o ft_strncmp.o ft_memalloc.o ft_memdel.o ft_strnew.o ft_strdel.o ft_strclr.o ft_striter.o ft_striteri.o ft_strmap.o ft_strmapi.o ft_strequ.o ft_strnequ.o ft_strsub.o ft_strjoin.o ft_strtrim.o ft_strsplit.o ft_itoa.o ft_atoi.o ft_strnstr.o get_next_line.o ft_wd_counter.o
ranlib libft.a
make[1]: Leaving directory '/home/aelphias/printf2/libft'
make -C ./ft_printf
make[1]: Entering directory '/home/aelphias/printf2/ft_printf'
gcc -I ./ -Wall -Wextra -Werror -g -c ft_printf.c -o ft_printf.o
make[1]: Leaving directory '/home/aelphias/printf2/ft_printf'
gcc -g -I ./libft -I ./ft_printf -o main_int.o -c main_int.c
gcc  -o ft_printf_test  -L./libft -lft -L./ft_printf -lftprintf main_int.o
make -C ./libft
make[1]: Entering directory '/home/aelphias/printf2/libft'
make[1]: Nothing to be done for 'all'.
make[1]: Leaving directory '/home/aelphias/printf2/libft'
make -C ./ft_printf
make[1]: Entering directory '/home/aelphias/printf2/ft_printf'
make[1]: Nothing to be done for 'all'.
make[1]: Leaving directory '/home/aelphias/printf2/ft_printf'
gcc  -o ft_printf_test  -L./libft -lft -L./ft_printf -lftprintf main_int.o
/usr/bin/ld: main_int.o: in function `main':
/home/aelphias/printf2/main_int.c:22: undefined reference to `ft_printf'
collect2: error: ld returned 1 exit status
make: *** [Makefile:34: ft_printf_test] Error 1

